
> prebuild
> php artisan wayfinder:generate


[32m [Wayfinder] Generated actions in C:\Users\lagna\OneDrive\Desktop\project\cameco\resources\js\actions[39m

[32m [Wayfinder] Generated routes in C:\Users\lagna\OneDrive\Desktop\project\cameco\resources\js\routes[39m


> build
> vite build

[36mvite v7.1.12 [32mbuilding for production...[36m[39m
transforming...
[32mΓ£ô[39m 4175 modules transformed.
rendering chunks...
